apiVersion: v1
clusters:
- cluster:
    certificate-authority-data: Y2x1Y3N0ZXItY2VydGlmaWNhdGUtYXV0aG9yaXR5LWRhdGEtLTA=
    server: clucster-endpoint--0
  name: id-0-clucster-id--0-clucster-region--0-clucster-name--0
- cluster:
    certificate-authority-data: Y2x1Y3N0ZXItY2VydGlmaWNhdGUtYXV0aG9yaXR5LWRhdGEtLTE=
    server: clucster-endpoint--1
  name: id-0-clucster-id--1-clucster-region--1-clucster-name--1
- cluster:
    certificate-authority-data: Y2x1Y3N0ZXItY2VydGlmaWNhdGUtYXV0aG9yaXR5LWRhdGEtLTI=
    server: clucster-endpoint--2
  name: id-0-clucster-id--2-clucster-region--2-clucster-name--2
contexts:
- context:
    cluster: id-0-clucster-id--0-clucster-region--0-clucster-name--0
    user: id-0-clucster-id--0-clucster-region--0-clucster-name--0
  name: clucster-id--0
- context:
    cluster: id-0-clucster-id--1-clucster-region--1-clucster-name--1
    user: id-0-clucster-id--1-clucster-region--1-clucster-name--1
  name: clucster-id--1
- context:
    cluster: id-0-clucster-id--2-clucster-region--2-clucster-name--2
    user: id-0-clucster-id--2-clucster-region--2-clucster-name--2
  name: clucster-id--2
current-context: ""
kind: Config
preferences: {}
users:
- name: id-0-clucster-id--0-clucster-region--0-clucster-name--0
  user: {}
- name: id-0-clucster-id--1-clucster-region--1-clucster-name--1
  user: {}
- name: id-0-clucster-id--2-clucster-region--2-clucster-name--2
  user: {}
