apiVersion: v1
clusters:
- cluster:
    certificate-authority-data: Y2x1Y3N0ZXItY2VydGlmaWNhdGUtYXV0aG9yaXR5LWRhdGEtLTA=
    server: clucster-endpoint--0
  name: id-0-clucster-id--0-clucster-region--0-clucster-name--0
contexts:
- context:
    cluster: id-0-clucster-id--0-clucster-region--0-clucster-name--0
    user: id-0-clucster-id--0-clucster-region--0-clucster-name--0
  name: clucster-id--0
current-context: ""
kind: Config
preferences: {}
users:
- name: id-0-clucster-id--0-clucster-region--0-clucster-name--0
  user: {}
