apiVersion: v1
clusters:
- cluster:
    certificate-authority-data: Y2x1Y3N0ZXItY2VydGlmaWNhdGUtYXV0aG9yaXR5LWRhdGEtLTA=
    server: clucster-endpoint--0
  name: id-0-clucster-id--0-clucster-region--0-clucster-name--0
- cluster:
    certificate-authority-data: Y2x1Y3N0ZXItY2VydGlmaWNhdGUtYXV0aG9yaXR5LWRhdGEtLTE=
    server: clucster-endpoint--1
  name: id-0-clucster-id--1-clucster-region--1-clucster-name--1
- cluster:
    certificate-authority-data: Y2x1Y3N0ZXItY2VydGlmaWNhdGUtYXV0aG9yaXR5LWRhdGEtLTI=
    server: clucster-endpoint--2
  name: id-0-clucster-id--2-clucster-region--2-clucster-name--2
- cluster:
    certificate-authority-data: Y2x1Y3N0ZXItY2VydGlmaWNhdGUtYXV0aG9yaXR5LWRhdGEtLTM=
    server: clucster-endpoint--3
  name: id-0-clucster-id--3-clucster-region--3-clucster-name--3
- cluster:
    certificate-authority-data: Y2x1Y3N0ZXItY2VydGlmaWNhdGUtYXV0aG9yaXR5LWRhdGEtLTQ=
    server: clucster-endpoint--4
  name: id-0-clucster-id--4-clucster-region--4-clucster-name--4
- cluster:
    certificate-authority-data: Y2x1Y3N0ZXItY2VydGlmaWNhdGUtYXV0aG9yaXR5LWRhdGEtLTU=
    server: clucster-endpoint--5
  name: id-0-clucster-id--5-clucster-region--5-clucster-name--5
- cluster:
    certificate-authority-data: Y2x1Y3N0ZXItY2VydGlmaWNhdGUtYXV0aG9yaXR5LWRhdGEtLTY=
    server: clucster-endpoint--6
  name: id-0-clucster-id--6-clucster-region--6-clucster-name--6
- cluster:
    certificate-authority-data: Y2x1Y3N0ZXItY2VydGlmaWNhdGUtYXV0aG9yaXR5LWRhdGEtLTc=
    server: clucster-endpoint--7
  name: id-0-clucster-id--7-clucster-region--7-clucster-name--7
- cluster:
    certificate-authority-data: Y2x1Y3N0ZXItY2VydGlmaWNhdGUtYXV0aG9yaXR5LWRhdGEtLTg=
    server: clucster-endpoint--8
  name: id-0-clucster-id--8-clucster-region--8-clucster-name--8
- cluster:
    certificate-authority-data: Y2x1Y3N0ZXItY2VydGlmaWNhdGUtYXV0aG9yaXR5LWRhdGEtLTk=
    server: clucster-endpoint--9
  name: id-0-clucster-id--9-clucster-region--9-clucster-name--9
contexts:
- context:
    cluster: id-0-clucster-id--0-clucster-region--0-clucster-name--0
    user: id-0-clucster-id--0-clucster-region--0-clucster-name--0
  name: clucster-id--0
- context:
    cluster: id-0-clucster-id--1-clucster-region--1-clucster-name--1
    user: id-0-clucster-id--1-clucster-region--1-clucster-name--1
  name: clucster-id--1
- context:
    cluster: id-0-clucster-id--2-clucster-region--2-clucster-name--2
    user: id-0-clucster-id--2-clucster-region--2-clucster-name--2
  name: clucster-id--2
- context:
    cluster: id-0-clucster-id--3-clucster-region--3-clucster-name--3
    user: id-0-clucster-id--3-clucster-region--3-clucster-name--3
  name: clucster-id--3
- context:
    cluster: id-0-clucster-id--4-clucster-region--4-clucster-name--4
    user: id-0-clucster-id--4-clucster-region--4-clucster-name--4
  name: clucster-id--4
- context:
    cluster: id-0-clucster-id--5-clucster-region--5-clucster-name--5
    user: id-0-clucster-id--5-clucster-region--5-clucster-name--5
  name: clucster-id--5
- context:
    cluster: id-0-clucster-id--6-clucster-region--6-clucster-name--6
    user: id-0-clucster-id--6-clucster-region--6-clucster-name--6
  name: clucster-id--6
- context:
    cluster: id-0-clucster-id--7-clucster-region--7-clucster-name--7
    user: id-0-clucster-id--7-clucster-region--7-clucster-name--7
  name: clucster-id--7
- context:
    cluster: id-0-clucster-id--8-clucster-region--8-clucster-name--8
    user: id-0-clucster-id--8-clucster-region--8-clucster-name--8
  name: clucster-id--8
- context:
    cluster: id-0-clucster-id--9-clucster-region--9-clucster-name--9
    user: id-0-clucster-id--9-clucster-region--9-clucster-name--9
  name: clucster-id--9
current-context: ""
kind: Config
preferences: {}
users:
- name: id-0-clucster-id--0-clucster-region--0-clucster-name--0
  user: {}
- name: id-0-clucster-id--1-clucster-region--1-clucster-name--1
  user: {}
- name: id-0-clucster-id--2-clucster-region--2-clucster-name--2
  user: {}
- name: id-0-clucster-id--3-clucster-region--3-clucster-name--3
  user: {}
- name: id-0-clucster-id--4-clucster-region--4-clucster-name--4
  user: {}
- name: id-0-clucster-id--5-clucster-region--5-clucster-name--5
  user: {}
- name: id-0-clucster-id--6-clucster-region--6-clucster-name--6
  user: {}
- name: id-0-clucster-id--7-clucster-region--7-clucster-name--7
  user: {}
- name: id-0-clucster-id--8-clucster-region--8-clucster-name--8
  user: {}
- name: id-0-clucster-id--9-clucster-region--9-clucster-name--9
  user: {}
